~~~~{.julia}
using Plots
gr()
x = linspace(0, 2*pi)
println(x)
~~~~~~~~~~~~~


~~~~
linspace(0.0,6.283185307179586,50)
~~~~



~~~~{.julia}
p = plot(x, sin(x), size =(900,300))
~~~~~~~~~~~~~



~~~~{.julia}
julia> plot(x, sin(x))


~~~~~~~~~~~~~



~~~~{.julia}
plot(rand(100) / 3,reg=true,fill=(0,:green))
scatter!(rand(100),markersize=6,c=:orange)
~~~~~~~~~~~~~



~~~~{.julia}
julia> plot(rand(100) / 3,reg=true,fill=(0,:green))


julia> scatter!(rand(100),markersize=6,c=:orange)


~~~~~~~~~~~~~



