

<pre class='hljl'>
<span class='hljl-k'>import</span><span class='hljl-t'> </span><span class='hljl-n'>Base</span><span class='hljl-t'>
</span><span class='hljl-k'>function</span><span class='hljl-t'> </span><span class='hljl-n'>Base</span><span class='hljl-oB'>.</span><span class='hljl-nf'>show</span><span class='hljl-p'>(</span><span class='hljl-n'>io</span><span class='hljl-oB'>::</span><span class='hljl-n'>IO</span><span class='hljl-p'>,</span><span class='hljl-t'> </span><span class='hljl-n'>m</span><span class='hljl-oB'>::</span><span class='hljl-so'>MIME&quot;text/html&quot;</span><span class='hljl-p'>,</span><span class='hljl-t'> </span><span class='hljl-n'>x</span><span class='hljl-oB'>::</span><span class='hljl-n'>Array</span><span class='hljl-p'>)</span><span class='hljl-t'>
    </span><span class='hljl-nf'>print</span><span class='hljl-p'>(</span><span class='hljl-n'>io</span><span class='hljl-p'>,</span><span class='hljl-t'> </span><span class='hljl-s'>&quot;&lt;table&gt;&quot;</span><span class='hljl-p'>)</span><span class='hljl-t'>
    </span><span class='hljl-k'>for</span><span class='hljl-t'> </span><span class='hljl-n'>i</span><span class='hljl-t'> </span><span class='hljl-kp'>in</span><span class='hljl-t'> </span><span class='hljl-ni'>1</span><span class='hljl-oB'>:</span><span class='hljl-nf'>size</span><span class='hljl-p'>(</span><span class='hljl-n'>x</span><span class='hljl-p'>,</span><span class='hljl-ni'>1</span><span class='hljl-p'>)</span><span class='hljl-t'>
        </span><span class='hljl-nf'>print</span><span class='hljl-p'>(</span><span class='hljl-n'>io</span><span class='hljl-p'>,</span><span class='hljl-t'> </span><span class='hljl-s'>&quot;&lt;tr&gt;&quot;</span><span class='hljl-p'>)</span><span class='hljl-t'>
        </span><span class='hljl-p'>[</span><span class='hljl-nf'>print</span><span class='hljl-p'>(</span><span class='hljl-n'>io</span><span class='hljl-p'>,</span><span class='hljl-t'> </span><span class='hljl-s'>&quot;&lt;td&gt;</span><span class='hljl-si'>$r</span><span class='hljl-s'>&lt;/td&gt;&quot;</span><span class='hljl-p'>)</span><span class='hljl-t'> </span><span class='hljl-k'>for</span><span class='hljl-t'> </span><span class='hljl-n'>r</span><span class='hljl-t'> </span><span class='hljl-kp'>in</span><span class='hljl-t'> </span><span class='hljl-n'>x</span><span class='hljl-p'>[</span><span class='hljl-n'>i</span><span class='hljl-p'>,</span><span class='hljl-oB'>:</span><span class='hljl-p'>]]</span><span class='hljl-t'>
        </span><span class='hljl-nf'>print</span><span class='hljl-p'>(</span><span class='hljl-n'>io</span><span class='hljl-p'>,</span><span class='hljl-t'> </span><span class='hljl-s'>&quot;&lt;/tr&gt;&quot;</span><span class='hljl-p'>)</span><span class='hljl-t'>
    </span><span class='hljl-k'>end</span><span class='hljl-t'>
    </span><span class='hljl-nf'>print</span><span class='hljl-p'>(</span><span class='hljl-n'>io</span><span class='hljl-p'>,</span><span class='hljl-t'> </span><span class='hljl-s'>&quot;&lt;/table&gt;&quot;</span><span class='hljl-p'>)</span><span class='hljl-t'>
</span><span class='hljl-k'>end</span><span class='hljl-t'>

</span><span class='hljl-cs'>#This isn&#39;t valid latex, doesn&#39;t matter for the test</span><span class='hljl-t'>
</span><span class='hljl-k'>function</span><span class='hljl-t'> </span><span class='hljl-n'>Base</span><span class='hljl-oB'>.</span><span class='hljl-nf'>show</span><span class='hljl-p'>(</span><span class='hljl-n'>io</span><span class='hljl-oB'>::</span><span class='hljl-n'>IO</span><span class='hljl-p'>,</span><span class='hljl-t'> </span><span class='hljl-n'>m</span><span class='hljl-oB'>::</span><span class='hljl-so'>MIME&quot;text/latex&quot;</span><span class='hljl-p'>,</span><span class='hljl-t'> </span><span class='hljl-n'>x</span><span class='hljl-oB'>::</span><span class='hljl-n'>Array</span><span class='hljl-p'>)</span><span class='hljl-t'>
    </span><span class='hljl-nf'>println</span><span class='hljl-p'>(</span><span class='hljl-n'>io</span><span class='hljl-p'>,</span><span class='hljl-t'> </span><span class='hljl-s'>&quot;</span><span class='hljl-se'>\\</span><span class='hljl-s'>begin{tabular}&quot;</span><span class='hljl-p'>)</span><span class='hljl-t'>
    </span><span class='hljl-k'>for</span><span class='hljl-t'> </span><span class='hljl-n'>i</span><span class='hljl-t'> </span><span class='hljl-kp'>in</span><span class='hljl-t'> </span><span class='hljl-ni'>1</span><span class='hljl-oB'>:</span><span class='hljl-nf'>size</span><span class='hljl-p'>(</span><span class='hljl-n'>x</span><span class='hljl-p'>,</span><span class='hljl-ni'>1</span><span class='hljl-p'>)</span><span class='hljl-t'>
        </span><span class='hljl-p'>[</span><span class='hljl-nf'>print</span><span class='hljl-p'>(</span><span class='hljl-n'>io</span><span class='hljl-p'>,</span><span class='hljl-t'> </span><span class='hljl-s'>&quot;</span><span class='hljl-si'>$r</span><span class='hljl-s'> &amp; &quot;</span><span class='hljl-p'>)</span><span class='hljl-t'> </span><span class='hljl-k'>for</span><span class='hljl-t'> </span><span class='hljl-n'>r</span><span class='hljl-t'> </span><span class='hljl-kp'>in</span><span class='hljl-t'> </span><span class='hljl-n'>x</span><span class='hljl-p'>[</span><span class='hljl-n'>i</span><span class='hljl-p'>,</span><span class='hljl-oB'>:</span><span class='hljl-p'>]]</span><span class='hljl-t'>
        </span><span class='hljl-nf'>print</span><span class='hljl-p'>(</span><span class='hljl-n'>io</span><span class='hljl-p'>,</span><span class='hljl-t'> </span><span class='hljl-s'>&quot;</span><span class='hljl-se'>\\\\</span><span class='hljl-s'>&quot;</span><span class='hljl-p'>)</span><span class='hljl-t'>
        </span><span class='hljl-nf'>println</span><span class='hljl-p'>(</span><span class='hljl-n'>io</span><span class='hljl-p'>,</span><span class='hljl-t'> </span><span class='hljl-s'>&quot; </span><span class='hljl-se'>\\</span><span class='hljl-s'>hline&quot;</span><span class='hljl-p'>)</span><span class='hljl-t'>
    </span><span class='hljl-k'>end</span><span class='hljl-t'>
    </span><span class='hljl-nf'>print</span><span class='hljl-p'>(</span><span class='hljl-n'>io</span><span class='hljl-p'>,</span><span class='hljl-t'> </span><span class='hljl-s'>&quot;</span><span class='hljl-se'>\\</span><span class='hljl-s'>end{tabular&quot;</span><span class='hljl-p'>)</span><span class='hljl-t'>
</span><span class='hljl-k'>end</span><span class='hljl-t'>

</span><span class='hljl-cs'>#This isn&#39;t valid markdown, doesn&#39;t matter for the test</span><span class='hljl-t'>
</span><span class='hljl-k'>function</span><span class='hljl-t'> </span><span class='hljl-n'>Base</span><span class='hljl-oB'>.</span><span class='hljl-nf'>show</span><span class='hljl-p'>(</span><span class='hljl-n'>io</span><span class='hljl-oB'>::</span><span class='hljl-n'>IO</span><span class='hljl-p'>,</span><span class='hljl-t'> </span><span class='hljl-n'>m</span><span class='hljl-oB'>::</span><span class='hljl-so'>MIME&quot;text/markdown&quot;</span><span class='hljl-p'>,</span><span class='hljl-t'> </span><span class='hljl-n'>x</span><span class='hljl-oB'>::</span><span class='hljl-n'>Array</span><span class='hljl-p'>)</span><span class='hljl-t'>
    </span><span class='hljl-nf'>println</span><span class='hljl-p'>(</span><span class='hljl-n'>io</span><span class='hljl-p'>,</span><span class='hljl-t'> </span><span class='hljl-s'>&quot;-----&quot;</span><span class='hljl-p'>)</span><span class='hljl-t'>
    </span><span class='hljl-k'>for</span><span class='hljl-t'> </span><span class='hljl-n'>i</span><span class='hljl-t'> </span><span class='hljl-kp'>in</span><span class='hljl-t'> </span><span class='hljl-ni'>1</span><span class='hljl-oB'>:</span><span class='hljl-nf'>size</span><span class='hljl-p'>(</span><span class='hljl-n'>x</span><span class='hljl-p'>,</span><span class='hljl-ni'>1</span><span class='hljl-p'>)</span><span class='hljl-t'>
        </span><span class='hljl-nf'>print</span><span class='hljl-p'>(</span><span class='hljl-n'>io</span><span class='hljl-p'>,</span><span class='hljl-t'> </span><span class='hljl-s'>&quot;| &quot;</span><span class='hljl-p'>)</span><span class='hljl-t'>
        </span><span class='hljl-p'>[</span><span class='hljl-nf'>print</span><span class='hljl-p'>(</span><span class='hljl-n'>io</span><span class='hljl-p'>,</span><span class='hljl-t'> </span><span class='hljl-s'>&quot;</span><span class='hljl-si'>$r</span><span class='hljl-s'> | &quot;</span><span class='hljl-p'>)</span><span class='hljl-t'> </span><span class='hljl-k'>for</span><span class='hljl-t'> </span><span class='hljl-n'>r</span><span class='hljl-t'> </span><span class='hljl-kp'>in</span><span class='hljl-t'> </span><span class='hljl-n'>x</span><span class='hljl-p'>[</span><span class='hljl-n'>i</span><span class='hljl-p'>,</span><span class='hljl-oB'>:</span><span class='hljl-p'>]]</span><span class='hljl-t'>
        </span><span class='hljl-nf'>println</span><span class='hljl-p'>(</span><span class='hljl-n'>io</span><span class='hljl-p'>,</span><span class='hljl-t'> </span><span class='hljl-s'>&quot;&quot;</span><span class='hljl-p'>)</span><span class='hljl-t'>
    </span><span class='hljl-k'>end</span><span class='hljl-t'>
    </span><span class='hljl-nf'>print</span><span class='hljl-p'>(</span><span class='hljl-n'>io</span><span class='hljl-p'>,</span><span class='hljl-t'> </span><span class='hljl-s'>&quot;-----&quot;</span><span class='hljl-p'>)</span><span class='hljl-t'>
</span><span class='hljl-k'>end</span><span class='hljl-t'>


</span><span class='hljl-n'>x</span><span class='hljl-t'> </span><span class='hljl-oB'>=</span><span class='hljl-t'> </span><span class='hljl-p'>[</span><span class='hljl-nf'>collect</span><span class='hljl-p'>(</span><span class='hljl-ni'>1</span><span class='hljl-oB'>:</span><span class='hljl-ni'>3</span><span class='hljl-p'>)</span><span class='hljl-t'> </span><span class='hljl-nf'>collect</span><span class='hljl-p'>(</span><span class='hljl-ni'>1</span><span class='hljl-oB'>:</span><span class='hljl-ni'>3</span><span class='hljl-p'>)]</span><span class='hljl-t'>
</span><span class='hljl-n'>ca</span><span class='hljl-t'> </span><span class='hljl-oB'>=</span><span class='hljl-t'> </span><span class='hljl-nf'>collect</span><span class='hljl-p'>(</span><span class='hljl-sc'>&#39;a&#39;</span><span class='hljl-oB'>:</span><span class='hljl-sc'>&#39;d&#39;</span><span class='hljl-p'>)</span><span class='hljl-t'>
</span><span class='hljl-n'>ca</span>
</pre>



<table><tr><td>a</td></tr><tr><td>b</td></tr><tr><td>c</td></tr><tr><td>d</td></tr></table>


<pre class='hljl'>
<span class='hljl-nf'>display</span><span class='hljl-p'>(</span><span class='hljl-n'>ca</span><span class='hljl-p'>)</span><span class='hljl-t'>
</span><span class='hljl-nf'>display</span><span class='hljl-p'>(</span><span class='hljl-n'>x</span><span class='hljl-p'>)</span>
</pre>



<table><tr><td>a</td></tr><tr><td>b</td></tr><tr><td>c</td></tr><tr><td>d</td></tr></table>
<table><tr><td>1</td><td>1</td></tr><tr><td>2</td><td>2</td></tr><tr><td>3</td><td>3</td></tr></table>

<pre class='hljl'>
<span class='hljl-nB'>julia&gt; </span><span class='hljl-n'>x</span><span class='hljl-t'>
3×2 Array{Int64,2}:
 1  1
 2  2
 3  3

</span><span class='hljl-nB'>julia&gt; </span><span class='hljl-n'>ca</span><span class='hljl-t'>
4-element Array{Char,1}:
 &#39;a&#39;
 &#39;b&#39;
 &#39;c&#39;
 &#39;d&#39;</span>
</pre>


<pre class='hljl'>
<span class='hljl-k'>using</span><span class='hljl-t'> </span><span class='hljl-n'>Markdown</span><span class='hljl-t'>
</span><span class='hljl-n'>m</span><span class='hljl-t'> </span><span class='hljl-oB'>=</span><span class='hljl-t'> </span><span class='hljl-n'>Markdown</span><span class='hljl-oB'>.</span><span class='hljl-nf'>parse</span><span class='hljl-p'>(</span><span class='hljl-s'>&quot;**Some Markdown**&quot;</span><span class='hljl-p'>)</span><span class='hljl-t'>
</span><span class='hljl-n'>m</span>
</pre>



<div class="markdown"><p><strong>Some Markdown</strong></p>
</div>

