
\section{Header}

\begin{minted}[mathescape, fontsize=\small, xleftmargin=0.5em]{julia}

using Plots
gr()
scatter(1:10)

\end{minted}

\includegraphics[width=\linewidth]{figures/publish_test_1_1.pdf}

\begin{minted}[mathescape, fontsize=\small, xleftmargin=0.5em]{julia}

plot(1:10)

\end{minted}

\begin{figure}[!h]
\center
\includegraphics[width=\linewidth]{figures/publish_test_somefig_1.pdf}
\caption{Hello}
\label{fig:somefig}
\end{figure}

