
\section{Header}

\begin{lstlisting}
(*@\HLJLk{using}@*) (*@\HLJLn{Plots}@*)
(*@\HLJLnf{gr}@*)(*@\HLJLp{()}@*)
(*@\HLJLnf{scatter}@*)(*@\HLJLp{(}@*)(*@\HLJLni{1}@*)(*@\HLJLoB{:}@*)(*@\HLJLni{10}@*)(*@\HLJLp{)}@*)
\end{lstlisting}


\includegraphics{figures/publish_test_1_1.pdf}


\begin{lstlisting}
(*@\HLJLnf{plot}@*)(*@\HLJLp{(}@*)(*@\HLJLni{1}@*)(*@\HLJLoB{:}@*)(*@\HLJLni{10}@*)(*@\HLJLp{)}@*)
\end{lstlisting}


\begin{figure}[!h]
\center
\includegraphics{figures/publish_test_somefig_1.pdf}
\caption{Hello}
\label{fig:somefig}
\end{figure}

