
```julia;term=true
y= [2, 5, 12]
```

```julia;term=true
x = 1:10
d = Dict("Weave" => "testing")
y = [2, 4 ,8]
```

```julia
x = [12, 10]
println(y)
println(x)
```

```julia;echo=false
println("Results without code")
println(x)
```

```julia;eval=false; tangle=false
y = randn(5)
println("Don't eval, but show code")
```

```julia
y = 1:5
println(y)
```

```julia;results="hidden"
a = "Don't print me"
println(a)
```

```julia;results="as_is"
println("No markup for results.")
```


Test wrapping:

```julia
println(collect(0:10:1000))
```

```julia;wrap=false
println(collect(0:10:1000))
```

```julia;line_width=60
println(collect(0:10:1000))
```
